{
  "version": "1.5.0",
  "plugins_used": [
    {"name": "ArtifactoryDetector"},
    {"name": "AWSKeyDetector"},
    {"name": "AzureStorageKeyDetector"},
    {"name": "Base64HighEntropyString", "limit": 4.5},
    {"name": "BasicAuthDetector"},
    {"name": "CloudantDetector"},
    {"name": "DiscordBotTokenDetector"},
    {"name": "GitHubTokenDetector"},
    {"name": "GitLabTokenDetector"},
    {"name": "HexHighEntropyString", "limit": 3.0},
    {"name": "IbmCloudIamDetector"},
    {"name": "IbmCosHmacDetector"},
    {"name": "IPPublicDetector"},
    {"name": "JwtTokenDetector"},
    {"name": "KeywordDetector", "keyword_exclude": ""},
    {"name": "MailchimpDetector"},
    {"name": "NpmDetector"},
    {"name": "OpenAIDetector"},
    {"name": "PrivateKeyDetector"},
    {"name": "PypiTokenDetector"},
    {"name": "SendGridDetector"},
    {"name": "SlackDetector"},
    {"name": "SoftlayerDetector"},
    {"name": "SquareOAuthDetector"},
    {"name": "TelegramBotTokenDetector"},
    {"name": "TwilioKeyDetector"}
  ],
  "filters_used": [
    {"path": "detect_secrets.filters.allowlist.is_line_allowlisted"},
    {"path": "detect_secrets.filters.common.is_ignored_due_to_verification_policies", "min_level": 2},
    {"path": "detect_secrets.filters.heuristic.is_indirect_reference"},
    {"path": "detect_secrets.filters.heuristic.is_likely_id_string"},
    {"path": "detect_secrets.filters.heuristic.is_lock_file"},
    {"path": "detect_secrets.filters.heuristic.is_not_alphanumeric_string"},
    {"path": "detect_secrets.filters.heuristic.is_potential_uuid"},
    {"path": "detect_secrets.filters.heuristic.is_prefixed_with_dollar_sign"},
    {"path": "detect_secrets.filters.heuristic.is_sequential_string"},
    {"path": "detect_secrets.filters.heuristic.is_swagger_file"},
    {"path": "detect_secrets.filters.heuristic.is_templated_secret"}
  ],
  "results": {
    "tests\\fixtures\\public_pdf_work_identity_labels.json": [
      {"type":"Hex High Entropy String","filename":"tests\\fixtures\\public_pdf_work_identity_labels.json","hashed_secret":"06c5b4ecd937b7f328a1d540b651166f44624c37","is_verified":false,"line_number":17},
      {"type":"Hex High Entropy String","filename":"tests\\fixtures\\public_pdf_work_identity_labels.json","hashed_secret":"d5467428ccf8c2a5acdcc4f2227e63f98a904b6d","is_verified":false,"line_number":31},
      {"type":"Hex High Entropy String","filename":"tests\\fixtures\\public_pdf_work_identity_labels.json","hashed_secret":"0c776bd1ffae89ea2646c7a44b8c445cbe197fdb","is_verified":false,"line_number":45},
      {"type":"Hex High Entropy String","filename":"tests\\fixtures\\public_pdf_work_identity_labels.json","hashed_secret":"90d241a475b2e3d8542b469f04f22b2277950b95","is_verified":false,"line_number":59},
      {"type":"Hex High Entropy String","filename":"tests\\fixtures\\public_pdf_work_identity_labels.json","hashed_secret":"0cddf2488760d80466e8ee28fa6364f37b71bce8","is_verified":false,"line_number":73},
      {"type":"Hex High Entropy String","filename":"tests\\fixtures\\public_pdf_work_identity_labels.json","hashed_secret":"d22e7a5802ddad0b4672713dcdcf1bb1e86398e0","is_verified":false,"line_number":88},
      {"type":"Hex High Entropy String","filename":"tests\\fixtures\\public_pdf_work_identity_labels.json","hashed_secret":"6ea087bfab9561b61d7c5b24efa300243069b3ed","is_verified":false,"line_number":102},
      {"type":"Hex High Entropy String","filename":"tests\\fixtures\\public_pdf_work_identity_labels.json","hashed_secret":"35e93f56350ddb154be88d2c4d8e3c91f8d91deb","is_verified":false,"line_number":116},
      {"type":"Hex High Entropy String","filename":"tests\\fixtures\\public_pdf_work_identity_labels.json","hashed_secret":"4428fedc784d782c258a77dfc61da406dcf5a76e","is_verified":false,"line_number":130},
      {"type":"Hex High Entropy String","filename":"tests\\fixtures\\public_pdf_work_identity_labels.json","hashed_secret":"cd845999a67470879ad15e3d46eccceb7851c1c6","is_verified":false,"line_number":144},
      {"type":"Hex High Entropy String","filename":"tests\\fixtures\\public_pdf_work_identity_labels.json","hashed_secret":"f6358fda20e24b1448a6bedb6245e83d08bdf5a4","is_verified":false,"line_number":158},
      {"type":"Hex High Entropy String","filename":"tests\\fixtures\\public_pdf_work_identity_labels.json","hashed_secret":"6019a5e1c1d45dba236be9bc9ce9d4f9a6d8ab3b","is_verified":false,"line_number":172},
      {"type":"Hex High Entropy String","filename":"tests\\fixtures\\public_pdf_work_identity_labels.json","hashed_secret":"61d791ac78d606a8c20b78e3c3281350ebb34dfa","is_verified":false,"line_number":187},
      {"type":"Hex High Entropy String","filename":"tests\\fixtures\\public_pdf_work_identity_labels.json","hashed_secret":"caf9d8f8e07da8e9a41214cf515a0a325cc7b0a6","is_verified":false,"line_number":202},
      {"type":"Hex High Entropy String","filename":"tests\\fixtures\\public_pdf_work_identity_labels.json","hashed_secret":"5f3f9528a7465142ec2cfdc67dc05fb719999a9f","is_verified":false,"line_number":218},
      {"type":"Hex High Entropy String","filename":"tests\\fixtures\\public_pdf_work_identity_labels.json","hashed_secret":"5cb818cd28e1525e7b61bbc785a9a07a0b9a1dc1","is_verified":false,"line_number":233},
      {"type":"Hex High Entropy String","filename":"tests\\fixtures\\public_pdf_work_identity_labels.json","hashed_secret":"02827dfab299b8c73bb9042c165d89a37b77b886","is_verified":false,"line_number":248},
      {"type":"Hex High Entropy String","filename":"tests\\fixtures\\public_pdf_work_identity_labels.json","hashed_secret":"363ec661c6c0b229ec464b1ced7c4b6a4f07ea9b","is_verified":false,"line_number":262},
      {"type":"Hex High Entropy String","filename":"tests\\fixtures\\public_pdf_work_identity_labels.json","hashed_secret":"02649ff77a599657914675267803bd0e5e0e1381","is_verified":false,"line_number":276},
      {"type":"Hex High Entropy String","filename":"tests\\fixtures\\public_pdf_work_identity_labels.json","hashed_secret":"3d622ea2727e62b3fca3553d6b48f69f2419184a","is_verified":false,"line_number":291},
      {"type":"Hex High Entropy String","filename":"tests\\fixtures\\public_pdf_work_identity_labels.json","hashed_secret":"803a28d90edc4509641845aa2f35c7cb92b8c26f","is_verified":false,"line_number":305},
      {"type":"Hex High Entropy String","filename":"tests\\fixtures\\public_pdf_work_identity_labels.json","hashed_secret":"15341b6b2a9b88621d505eab95e74fbcddf2d803","is_verified":false,"line_number":319},
      {"type":"Hex High Entropy String","filename":"tests\\fixtures\\public_pdf_work_identity_labels.json","hashed_secret":"5585c633afd0d1631febeb090f6dcb910d9588d1","is_verified":false,"line_number":334},
      {"type":"Hex High Entropy String","filename":"tests\\fixtures\\public_pdf_work_identity_labels.json","hashed_secret":"c1d041052c5704564acafd0756b60bb1a8387114","is_verified":false,"line_number":349},
      {"type":"Hex High Entropy String","filename":"tests\\fixtures\\public_pdf_work_identity_labels.json","hashed_secret":"b855e717818f48772bd3a21d1ad3b6e67ade936d","is_verified":false,"line_number":364},
      {"type":"Hex High Entropy String","filename":"tests\\fixtures\\public_pdf_work_identity_labels.json","hashed_secret":"ee99fe83e51df50fe5f5099c315c6ea27966e3a5","is_verified":false,"line_number":378},
      {"type":"Hex High Entropy String","filename":"tests\\fixtures\\public_pdf_work_identity_labels.json","hashed_secret":"ba9fdc4c4044eef081091a5f641500e3a75956cd","is_verified":false,"line_number":392}
    ]
  },
  "generated_at": "2026-10-05T15:26:45Z"
}
